Error: [31m  Failed to scan for dependencies from entries:
  C:/Users/pc  313/Desktop/whatsapp-ai/frontend/index.html

  [39m[31mX [41;31m[[41;97mERROR[41;31m][0m [1mThe JSX syntax extension is not currently enabled[0m

    src/components/ChatWindow.js:44:4:
[37m      44 │     [32m<[37mdiv className="grid grid-cols-3 gap-4">
         ╵     [32m^[0m

  The esbuild loader for this file is currently set to "js" but it must be set to "jsx" to be able to parse JSX syntax. You can use "loader: { '.js': 'jsx' }" to do that.


[31mX [41;31m[[41;97mERROR[41;31m][0m [1mThe JSX syntax extension is not currently enabled[0m

    src/components/FAQUpload.js:18:4:
[37m      18 │     [32m<[37mdiv className="p-4 border rounded bg-white">
         ╵     [32m^[0m

  The esbuild loader for this file is currently set to "js" but it must be set to "jsx" to be able to parse JSX syntax. You can use "loader: { '.js': 'jsx' }" to do that.


[31mX [41;31m[[41;97mERROR[41;31m][0m [1mThe JSX syntax extension is not currently enabled[0m

    src/components/WhatsAppConnect.js:36:4:
[37m      36 │     [32m<[37mdiv className="p-4 border rounded bg-white">
         ╵     [32m^[0m

  The esbuild loader for this file is currently set to "js" but it must be set to "jsx" to be able to parse JSX syntax. You can use "loader: { '.js': 'jsx' }" to do that.


[31mX [41;31m[[41;97mERROR[41;31m][0m [1mThe JSX syntax extension is not currently enabled[0m

    src/contexts/AuthContext.js:44:4:
[37m      44 │     [32m<[37mAuthCtx.Provider value={{ api, token, user, setUser, login, s...
         ╵     [32m^[0m

  The esbuild loader for this file is currently set to "js" but it must be set to "jsx" to be able to parse JSX syntax. You can use "loader: { '.js': 'jsx' }" to do that.


[31mX [41;31m[[41;97mERROR[41;31m][0m [1mThe JSX syntax extension is not currently enabled[0m

    src/contexts/SocketContext.js:19:4:
[37m      19 │     [32m<[37mSocketCtx.Provider value={{ socket }}>
         ╵     [32m^[0m

  The esbuild loader for this file is currently set to "js" but it must be set to "jsx" to be able to parse JSX syntax. You can use "loader: { '.js': 'jsx' }" to do that.


[31mX [41;31m[[41;97mERROR[41;31m][0m [1mThe JSX syntax extension is not currently enabled[0m

    src/pages/Dashboard.js:20:4:
[37m      20 │     [32m<[37mdiv className="space-y-4">
         ╵     [32m^[0m

  The esbuild loader for this file is currently set to "js" but it must be set to "jsx" to be able to parse JSX syntax. You can use "loader: { '.js': 'jsx' }" to do that.


[31mX [41;31m[[41;97mERROR[41;31m][0m [1mThe JSX syntax extension is not currently enabled[0m

    src/pages/LandingPage.js:6:4:
[37m      6 │     [32m<[37mdiv className="max-w-3xl mx-auto text-center">
        ╵     [32m^[0m

  The esbuild loader for this file is currently set to "js" but it must be set to "jsx" to be able to parse JSX syntax. You can use "loader: { '.js': 'jsx' }" to do that.


[31mX [41;31m[[41;97mERROR[41;31m][0m [1mThe JSX syntax extension is not currently enabled[0m

    src/pages/Login.js:20:4:
[37m      20 │     [32m<[37mform onSubmit={submit} className="max-w-md mx-auto space-y-3">
         ╵     [32m^[0m

  The esbuild loader for this file is currently set to "js" but it must be set to "jsx" to be able to parse JSX syntax. You can use "loader: { '.js': 'jsx' }" to do that.


[31mX [41;31m[[41;97mERROR[41;31m][0m [1mThe JSX syntax extension is not currently enabled[0m

    src/pages/Signup.js:19:4:
[37m      19 │     [32m<[37mform onSubmit={submit} className="max-w-md mx-auto space-y-3">
         ╵     [32m^[0m

  The esbuild loader for this file is currently set to "js" but it must be set to "jsx" to be able to parse JSX syntax. You can use "loader: { '.js': 'jsx' }" to do that.


    at failureErrorWithLog (C:\Users\pc  313\Desktop\whatsapp-ai\frontend\node_modules\esbuild\lib\main.js:1472:15)
    at C:\Users\pc  313\Desktop\whatsapp-ai\frontend\node_modules\esbuild\lib\main.js:945:25
    at runOnEndCallbacks (C:\Users\pc  313\Desktop\whatsapp-ai\frontend\node_modules\esbuild\lib\main.js:1315:45)
    at buildResponseToResult (C:\Users\pc  313\Desktop\whatsapp-ai\frontend\node_modules\esbuild\lib\main.js:943:7)
    at C:\Users\pc  313\Desktop\whatsapp-ai\frontend\node_modules\esbuild\lib\main.js:955:9
    at new Promise (<anonymous>)
    at requestCallbacks.on-end (C:\Users\pc  313\Desktop\whatsapp-ai\frontend\node_modules\esbuild\lib\main.js:954:54)
    at handleRequest (C:\Users\pc  313\Desktop\whatsapp-ai\frontend\node_modules\esbuild\lib\main.js:647:17)
    at handleIncomingPacket (C:\Users\pc  313\Desktop\whatsapp-ai\frontend\node_modules\esbuild\lib\main.js:672:7)
    at Socket.readFromStdout (C:\Users\pc  313\Desktop\whatsapp-ai\frontend\node_modules\esbuild\lib\main.js:600:7)
